[backblue.gif]
[fade.gif]
[index.html]
[maxcdn.bootstrapcdn.com/font-awesome/4.4.0/css/font-awesome.min.css]
[demo.themeify.com/nunu1/images/postimage1.jpg]
[demo.themeify.com/nunu1/images/postimage2.jpg]
[demo.themeify.com/nunu1/images/postimage3.jpg]
[demo.themeify.com/nunu1/images/postimage4.jpg]
[demo.themeify.com/nunu1/images/postimage6.jpg]
[demo.themeify.com/nunu1/images/postimage7.jpg]
[demo.themeify.com/nunu1/images/postimage8.jpg]
[demo.themeify.com/nunu1/images/postimage9.jpg]
[demo.themeify.com/nunu1/images/comt-pic.png]
[demo.themeify.com/nunu1/images/about.jpg]
[demo.themeify.com/nunu1/images/contact.jpg]
[demo.themeify.com/nunu1/images/postimage10.jpg]
[demo.themeify.com/nunu1/images/postimage11.jpg]
[demo.themeify.com/nunu1/images/postimage12.jpg]
[demo.themeify.com/nunu1/images/postimage13.jpg]
[demo.themeify.com/nunu1/images/postimage14.jpg]
[demo.themeify.com/nunu1/images/postimage15.jpg]
[demo.themeify.com/nunu1/images/postimage16.jpg]
[demo.themeify.com/nunu1/images/postimage17.jpg]
[demo.themeify.com/nunu1/images/postimage18.jpg]
[demo.themeify.com/nunu1/images/postimage19.jpg]
[demo.themeify.com/nunu1/images/postimage20.jpg]
[demo.themeify.com/nunu1/images/postimage21.jpg]
[demo.themeify.com/nunu1/images/postimage22.jpg]
[demo.themeify.com/nunu1/images/postimage23.jpg]
[demo.themeify.com/nunu1/images/postimage24.jpg]
[demo.themeify.com/nunu1/images/postimage25.jpg]
[demo.themeify.com/nunu1/images/Instagram.png]
[demo.themeify.com/nunu1/images/menu.jpg]
[demo.themeify.com/nunu1/index.html]
[demo.themeify.com/nunu1/bootstrap/css/bootstrap.min.css]
[demo.themeify.com/nunu1/images/bg/loader.gif]
[demo.themeify.com/nunu1/images/logo.png]
[demo.themeify.com/nunu1/images/socialmedia.png]
[demo.themeify.com/nunu1/images/close.png]
[demo.themeify.com/nunu1/images/next-bg.png]
[demo.themeify.com/nunu1/images/prev-bg.png]
[demo.themeify.com/nunu1/images/moreimages.png]
[demo.themeify.com/nunu1/images/mobilemenu.png]
[demo.themeify.com/nunu1/css/style.css]
[demo.themeify.com/nunu1/css/animations.css]
[maxcdn.bootstrapcdn.com/font-awesome/4.4.0/css/font-awesome.min.css]
[demo.themeify.com/nunu1/css/jquery.simplyscroll.css]
[demo.themeify.com/nunu1/images/loading.gif]
[demo.themeify.com/nunu1/images/prev.png]
[demo.themeify.com/nunu1/images/next.png]
[demo.themeify.com/nunu1/css/lightbox.css]
[demo.themeify.com/nunu1/css/instaslide.css]
[demo.themeify.com/nunu1/index-2.html]
[demo.themeify.com/nunu1/js/jquery-1.11.3.min.js]
[demo.themeify.com/nunu1/js/instafeed.min.js]
[demo.themeify.com/nunu1/js/jquery.simplyscroll.js]
[demo.themeify.com/nunu1/js/jquery.scrollTo.min.js]
[demo.themeify.com/nunu1/js/lightbox.js]
[demo.themeify.com/nunu1/js/custom.js]
[demo.themeify.com/nunu1/bootstrap/fonts/glyphicons-halflings-regular.html]
[demo.themeify.com/nunu1/bootstrap/fonts/glyphicons-halflings-regulard41d.html]
[demo.themeify.com/nunu1/bootstrap/fonts/glyphicons-halflings-regular-2.html]
[demo.themeify.com/nunu1/bootstrap/fonts/glyphicons-halflings-regular-3.html]
[demo.themeify.com/nunu1/bootstrap/fonts/glyphicons-halflings-regular-4.html]
[demo.themeify.com/nunu1/bootstrap/fonts/glyphicons-halflings-regular.svg]
[demo.themeify.com/nunu1/css/fonts/montserrat-bold-webfont.html]
[demo.themeify.com/nunu1/css/fonts/montserrat-bold-webfontd41d.html]
[demo.themeify.com/nunu1/css/fonts/montserrat-bold-webfont-2.html]
[demo.themeify.com/nunu1/css/fonts/montserrat-bold-webfont-3.html]
[demo.themeify.com/nunu1/css/fonts/montserrat-bold-webfont-4.html]
[demo.themeify.com/nunu1/css/fonts/montserrat-bold-webfont.svg]
[demo.themeify.com/nunu1/css/fonts/FuturaBT-Medium_gdi.html]
[demo.themeify.com/nunu1/css/fonts/FuturaBT-Medium_gdid41d.html]
[demo.themeify.com/nunu1/css/fonts/FuturaBT-Medium_gdi-2.html]
[demo.themeify.com/nunu1/css/fonts/FuturaBT-Medium_gdi-3.html]
[demo.themeify.com/nunu1/css/fonts/FuturaBT-Medium_gdi.svg]
[demo.themeify.com/nunu1/css/buttons.html]
[demo.themeify.com/nunu1/moreImage/gallery1.html]
